<html>
<body>
<pre>
<h1>礦ision Build Log</h1>
<h2>Tool Versions:</h2>
IDE-Version: μVision V5.14.0.0
Copyright (C) 2015 ARM Ltd and ARM Germany GmbH. All rights reserved.
License Information: DWADW thj15, DWADWADWA, LIC=UB48T-R1C5U-D2AL7-ER756-6WJZU-GD24C
 
Tool Versions:
Toolchain:       MDK-ARM Professional  Version: 5.14.0.0
Toolchain Path:  D:\Keil_v5\ARM\ARMCC\Bin
C Compiler:      Armcc.exe V5.05 update 1 (build 106)
Assembler:       Armasm.exe V5.05 update 1 (build 106)
Linker/Locator:  ArmLink.exe V5.05 update 1 (build 106)
Library Manager: ArmAr.exe V5.05 update 1 (build 106)
Hex Converter:   FromElf.exe V5.05 update 1 (build 106)
CPU DLL:         SARMCM3.DLL V5.14.0.0
Dialog DLL:      DCM.DLL V1.13.1.0
Target DLL:      STLink\ST-LINKIII-KEIL_SWO.dll V2.0.14.0_KEIL
Dialog DLL:      TCM.DLL V1.14.4.0
 
<h2>Project:</h2>
C:\Users\thj15\Desktop\嵌入式小车-各模块测试程序\低能儿\G6出发测试v5.01(黄色主控)\从车v5.01\USER\TEST.uvprojx
Project File Date:  03/27/2018

<h2>Output:</h2>
Build target 'Target 1'
compiling core_cm3.c...
compiling system_stm32f10x.c...
assembling startup_stm32f10x_hd.s...
compiling stm32f10x_it.c...
compiling test.c...
test.c(88): warning:  #177-D: variable "i" was declared but never referenced
        u8 i;
test.c: 1 warning, 0 errors
compiling data_channel.c...
compiling delay_drv.c...
compiling sys.c...
compiling usart.c...
compiling led.c...
compiling init.c...
compiling djqd.c...
compiling bh1750.c...
compiling key.c...
compiling xj.c...
compiling csb.c...
compiling hw.c...
compiling exit.c...
compiling uart_my.c...
compiling can_drv.c...
compiling adc.c...
compiling power_check.c...
compiling timer.c...
compiling SYN7318.c...
compiling fifo_drv.c...
compiling RC522.C...
..\HARDWARE\RC522\RC522.C(146): warning:  #68-D: integer conversion resulted in a change of sign
     {   status = MI_ERR;   }
..\HARDWARE\RC522\RC522.C(181): warning:  #68-D: integer conversion resulted in a change of sign
           {   status = MI_ERR;    }
..\HARDWARE\RC522\RC522.C(217): warning:  #68-D: integer conversion resulted in a change of sign
      {   status = MI_ERR;    }
..\HARDWARE\RC522\RC522.C(249): warning:  #68-D: integer conversion resulted in a change of sign
      {   status = MI_ERR;   }
..\HARDWARE\RC522\RC522.C(278): warning:  #68-D: integer conversion resulted in a change of sign
      {   status = MI_ERR;   }
..\HARDWARE\RC522\RC522.C(302): warning:  #68-D: integer conversion resulted in a change of sign
      {   status = MI_ERR;   }
..\HARDWARE\RC522\RC522.C(313): warning:  #68-D: integer conversion resulted in a change of sign
          {   status = MI_ERR;   }
..\HARDWARE\RC522\RC522.C(327): warning:  #550-D: variable "status" was set but never used
      char status;
..\HARDWARE\RC522\RC522.C(514): warning:  #550-D: variable "status" was set but never used
      short status;
..\HARDWARE\RC522\RC522.C(560): warning:  #68-D: integer conversion resulted in a change of sign
      char status = MI_ERR;
..\HARDWARE\RC522\RC522.C(609): warning:  #68-D: integer conversion resulted in a change of sign
               {   status = MI_NOTAGERR;   }
..\HARDWARE\RC522\RC522.C(627): warning:  #68-D: integer conversion resulted in a change of sign
           {   status = MI_ERR;   }
..\HARDWARE\RC522\RC522.C: 12 warnings, 0 errors
compiling CanP_HostCom.c...
compiling full_automation.c...
..\HARDWARE\Full_Automation\full_automation.c(733): warning:  #68-D: integer conversion resulted in a change of sign
                        status=MI_ERR;
..\HARDWARE\Full_Automation\full_automation.c(744): warning:  #68-D: integer conversion resulted in a change of sign
                                status=MI_ERR;
..\HARDWARE\Full_Automation\full_automation.c(751): warning:  #68-D: integer conversion resulted in a change of sign
                                        status=MI_ERR;
..\HARDWARE\Full_Automation\full_automation.c(758): warning:  #68-D: integer conversion resulted in a change of sign
                                                status = MI_ERR;
..\HARDWARE\Full_Automation\full_automation.c(767): warning:  #68-D: integer conversion resulted in a change of sign
                                                        status = MI_ERR;
..\HARDWARE\Full_Automation\full_automation.c(830): warning:  #68-D: integer conversion resulted in a change of sign
                        status=MI_ERR;
..\HARDWARE\Full_Automation\full_automation.c(841): warning:  #68-D: integer conversion resulted in a change of sign
                                status=MI_ERR;
..\HARDWARE\Full_Automation\full_automation.c(848): warning:  #68-D: integer conversion resulted in a change of sign
                                        status=MI_ERR;
..\HARDWARE\Full_Automation\full_automation.c(855): warning:  #68-D: integer conversion resulted in a change of sign
                                                status = MI_ERR;
..\HARDWARE\Full_Automation\full_automation.c(873): warning:  #68-D: integer conversion resulted in a change of sign
                                                        status = MI_ERR;
..\HARDWARE\Full_Automation\full_automation.c(1502): warning:  #68-D: integer conversion resulted in a change of sign
                        mark = -5;
..\HARDWARE\Full_Automation\full_automation.c: 11 warnings, 0 errors
compiling misc.c...
compiling stm32f10x_adc.c...
compiling stm32f10x_bkp.c...
compiling stm32f10x_can.c...
compiling stm32f10x_cec.c...
compiling stm32f10x_crc.c...
compiling stm32f10x_dac.c...
compiling stm32f10x_dbgmcu.c...
compiling stm32f10x_dma.c...
compiling stm32f10x_exti.c...
compiling stm32f10x_flash.c...
compiling stm32f10x_fsmc.c...
compiling stm32f10x_gpio.c...
compiling stm32f10x_i2c.c...
compiling stm32f10x_iwdg.c...
compiling stm32f10x_pwr.c...
compiling stm32f10x_rcc.c...
compiling stm32f10x_rtc.c...
compiling stm32f10x_sdio.c...
compiling stm32f10x_spi.c...
compiling stm32f10x_tim.c...
compiling stm32f10x_usart.c...
compiling stm32f10x_wwdg.c...
compiling my_lib.c...
linking...
Program Size: Code=35052 RO-data=1040 RW-data=1640 ZI-data=1904  
FromELF: creating hex file...
"..\Output\TEST.axf" - 0 Error(s), 24 Warning(s).

<h2>Software Packages used:</h2>

Package Vendor: ARM
                http://www.keil.com/pack/ARM.CMSIS.4.2.0.pack
                ARM::CMSIS:CORE:3.40.0
                CMSIS (Cortex Microcontroller Software Interface Standard)
   * Component: CORE Version: 3.40.0

<h2>Collection of Component include folders:</h2>
  C:\Users\thj15\Desktop\嵌入式小车-各模块测试程序\低能儿\G6出发测试v5.01(黄色主控)\从车v5.01\USER\RTE
  D:\Keil_v5\ARM\PACK\ARM\CMSIS\4.2.0\CMSIS\Include
  D:\Keil_v5\ARM\PACK\Keil\STM32F1xx_DFP\1.0.5\Device\Include

<h2>Collection of Component Files used:</h2>

   * Component: ARM::CMSIS:CORE:3.40.0
      Source file:   CMSIS\UserCodeTemplates\ARM\ITM_Retarget.c
</pre>
</body>
</html>
