<html>
<body>
<pre>
<h1>礦ision Build Log</h1>
<h2>Tool Versions:</h2>
IDE-Version: μVision V5.14.0.0
Copyright (C) 2015 ARM Ltd and ARM Germany GmbH. All rights reserved.
License Information: DWADW thj15, DWADWADWA, LIC=UB48T-R1C5U-D2AL7-ER756-6WJZU-GD24C
 
Tool Versions:
Toolchain:       MDK-ARM Professional  Version: 5.14.0.0
Toolchain Path:  D:\Keil_v5\ARM\ARMCC\Bin
C Compiler:      Armcc.exe V5.05 update 1 (build 106)
Assembler:       Armasm.exe V5.05 update 1 (build 106)
Linker/Locator:  ArmLink.exe V5.05 update 1 (build 106)
Library Manager: ArmAr.exe V5.05 update 1 (build 106)
Hex Converter:   FromElf.exe V5.05 update 1 (build 106)
CPU DLL:         SARMCM3.DLL V5.14.0.0
Dialog DLL:      DCM.DLL V1.13.1.0
Target DLL:      STLink\ST-LINKIII-KEIL_SWO.dll V2.0.14.0_KEIL
Dialog DLL:      TCM.DLL V1.14.4.0
 
<h2>Project:</h2>
C:\Users\thj15\Desktop\嵌入式小车-各模块测试程序\低能儿\G6出发测试v7.01(黄色主控)\wangyunfeishixiaowangba\主车v5.01\USER\TEST.uvprojx
Project File Date:  03/30/2018

<h2>Output:</h2>
Build target 'Target 1'
compiling full_automation.c...
..\HARDWARE\Full_Automation\full_automation.c(735): warning:  #68-D: integer conversion resulted in a change of sign
                        status=MI_ERR;
..\HARDWARE\Full_Automation\full_automation.c(746): warning:  #68-D: integer conversion resulted in a change of sign
                                status=MI_ERR;
..\HARDWARE\Full_Automation\full_automation.c(753): warning:  #68-D: integer conversion resulted in a change of sign
                                        status=MI_ERR;
..\HARDWARE\Full_Automation\full_automation.c(760): warning:  #68-D: integer conversion resulted in a change of sign
                                                status = MI_ERR;
..\HARDWARE\Full_Automation\full_automation.c(769): warning:  #68-D: integer conversion resulted in a change of sign
                                                        status = MI_ERR;
..\HARDWARE\Full_Automation\full_automation.c(832): warning:  #68-D: integer conversion resulted in a change of sign
                        status=MI_ERR;
..\HARDWARE\Full_Automation\full_automation.c(843): warning:  #68-D: integer conversion resulted in a change of sign
                                status=MI_ERR;
..\HARDWARE\Full_Automation\full_automation.c(850): warning:  #68-D: integer conversion resulted in a change of sign
                                        status=MI_ERR;
..\HARDWARE\Full_Automation\full_automation.c(857): warning:  #68-D: integer conversion resulted in a change of sign
                                                status = MI_ERR;
..\HARDWARE\Full_Automation\full_automation.c(875): warning:  #68-D: integer conversion resulted in a change of sign
                                                        status = MI_ERR;
..\HARDWARE\Full_Automation\full_automation.c(1699): warning:  #68-D: integer conversion resulted in a change of sign
                        mark = -120;
..\HARDWARE\Full_Automation\full_automation.c(1712): warning:  #167-D: argument of type "u8 *" is incompatible with parameter of type "const char *"
        Send_Debug_Info((u8 * )hu,strlen(hu));
..\HARDWARE\Full_Automation\full_automation.c: 12 warnings, 0 errors
linking...
Program Size: Code=36564 RO-data=1040 RW-data=1772 ZI-data=1908  
FromELF: creating hex file...
"..\Output\TEST.axf" - 0 Error(s), 12 Warning(s).

<h2>Software Packages used:</h2>

Package Vendor: ARM
                http://www.keil.com/pack/ARM.CMSIS.4.2.0.pack
                ARM::CMSIS:CORE:3.40.0
                CMSIS (Cortex Microcontroller Software Interface Standard)
   * Component: CORE Version: 3.40.0

<h2>Collection of Component include folders:</h2>
  C:\Users\thj15\Desktop\嵌入式小车-各模块测试程序\低能儿\G6出发测试v7.01(黄色主控)\wangyunfeishixiaowangba\主车v5.01\USER\RTE
  D:\Keil_v5\ARM\PACK\ARM\CMSIS\4.2.0\CMSIS\Include
  D:\Keil_v5\ARM\PACK\Keil\STM32F1xx_DFP\1.0.5\Device\Include

<h2>Collection of Component Files used:</h2>

   * Component: ARM::CMSIS:CORE:3.40.0
      Source file:   CMSIS\UserCodeTemplates\ARM\ITM_Retarget.c
</pre>
</body>
</html>
